EN unidadcontrol NULL G:/Practicas_Estructuras/EnunciadoP5/Practica5/UnidadControl.vhd sub00/vhpl04 1491379786
EN memdataplantilla NULL D:/Practica5/MemDataPlantilla.vhd sub00/vhpl02 1490775830
AR memprogplantilla simple D:/Practica5/MemProgPlantilla.vhd sub00/vhpl01 1490775816
EN memprogplantilla NULL D:/Practica5/MemProgPlantilla.vhd sub00/vhpl00 1490775815
AR memdataplantilla simple D:/Practica5/MemDataPlantilla.vhd sub00/vhpl03 1490775831
AR unidadcontrol control G:/Practicas_Estructuras/EnunciadoP5/Practica5/UnidadControl.vhd sub00/vhpl05 1491379787
